{"id": "test-1002", "correct": false, "source": "command"}
{"id": "test-1087", "correct": true, "source": "model"}
{"id": "test-122", "correct": true, "source": "command"}
{"id": "test-1224", "correct": true, "source": "model"}
{"id": "test-1292", "correct": false, "source": "model"}
{"id": "test-1318", "correct": true, "source": "model"}
{"id": "test-1350", "correct": true, "source": "command"}
{"id": "test-1477", "correct": true, "source": "command"}
{"id": "test-1813", "correct": true, "source": "command"}
{"id": "test-1869", "correct": true, "source": "model"}
{"id": "test-1927", "correct": true, "source": "model"}
{"id": "test-203", "correct": true, "source": "model"}
{"id": "test-2080", "correct": true, "source": "model"}
{"id": "test-2148", "correct": true, "source": "command"}
{"id": "test-2188", "correct": true, "source": "command"}
{"id": "test-2210", "correct": true, "source": "model"}
{"id": "test-2300", "correct": true, "source": "model"}
{"id": "test-2422", "correct": true, "source": "model"}
{"id": "test-2448", "correct": true, "source": "command"}
{"id": "test-2483", "correct": true, "source": "model"}
{"id": "test-26", "correct": true, "source": "model"}
{"id": "test-2697", "correct": true, "source": "model"}
{"id": "test-2731", "correct": true, "source": "model"}
{"id": "test-2951", "correct": true, "source": "model"}
{"id": "test-3059", "correct": true, "source": "command"}
{"id": "test-3241", "correct": true, "source": "model"}
{"id": "test-3303", "correct": true, "source": "model"}
{"id": "test-3476", "correct": true, "source": "command"}
{"id": "test-3595", "correct": true, "source": "model"}
{"id": "test-3691", "correct": true, "source": "command"}
{"id": "test-3705", "correct": true, "source": "model"}
{"id": "test-3802", "correct": true, "source": "model"}
{"id": "test-388", "correct": true, "source": "model"}
{"id": "test-4211", "correct": true, "source": "model"}
{"id": "test-4495", "correct": true, "source": "command"}
{"id": "test-4658", "correct": true, "source": "model"}
{"id": "test-4660", "correct": true, "source": "model"}
{"id": "test-4709", "correct": true, "source": "model"}
{"id": "test-4746", "correct": true, "source": "model"}
{"id": "test-478", "correct": true, "source": "model"}
{"id": "test-4822", "correct": true, "source": "model"}
{"id": "test-4882", "correct": true, "source": "command"}
{"id": "test-4995", "correct": true, "source": "model"}
{"id": "test-5167", "correct": true, "source": "command"}
{"id": "test-5227", "correct": true, "source": "command"}
{"id": "test-545", "correct": true, "source": "command"}
{"id": "test-5589", "correct": true, "source": "model"}
{"id": "test-56", "correct": true, "source": "model"}
{"id": "test-5611", "correct": true, "source": "command"}
{"id": "test-5672", "correct": true, "source": "model"}
{"id": "test-5707", "correct": true, "source": "model"}
{"id": "test-5722", "correct": true, "source": "command"}
{"id": "test-5742", "correct": true, "source": "command"}
{"id": "test-5762", "correct": true, "source": "model"}
{"id": "test-5767", "correct": true, "source": "command"}
{"id": "test-5802", "correct": true, "source": "command"}
{"id": "test-5850", "correct": true, "source": "model"}
{"id": "test-5989", "correct": true, "source": "model"}
{"id": "test-6062", "correct": true, "source": "model"}
{"id": "test-6235", "correct": true, "source": "model"}
{"id": "test-6329", "correct": true, "source": "model"}
{"id": "test-6357", "correct": true, "source": "model"}
{"id": "test-6648", "correct": true, "source": "model"}
{"id": "test-6655", "correct": true, "source": "model"}
{"id": "test-6751", "correct": true, "source": "model"}
{"id": "test-6761", "correct": true, "source": "command"}
{"id": "test-6792", "correct": true, "source": "command"}
{"id": "test-6808", "correct": true, "source": "model"}
{"id": "test-6846", "correct": true, "source": "model"}
{"id": "test-7041", "correct": true, "source": "command"}
{"id": "test-7163", "correct": true, "source": "model"}
{"id": "test-7220", "correct": true, "source": "command"}
{"id": "test-7863", "correct": true, "source": "model"}
{"id": "test-7984", "correct": true, "source": "model"}
{"id": "test-8005", "correct": true, "source": "model"}
{"id": "test-8041", "correct": true, "source": "model"}
{"id": "test-8057", "correct": true, "source": "model"}
{"id": "test-8112", "correct": false, "source": "model"}
{"id": "test-8130", "correct": false, "source": "command"}
{"id": "test-8181", "correct": true, "source": "command"}
{"id": "test-8298", "correct": true, "source": "command"}
{"id": "test-8341", "correct": false, "source": "model"}
{"id": "test-8439", "correct": true, "source": "model"}
{"id": "test-8479", "correct": true, "source": "command"}
{"id": "test-8662", "correct": true, "source": "model"}
{"id": "test-8663", "correct": true, "source": "model"}
{"id": "test-8685", "correct": false, "source": "model"}
{"id": "test-8916", "correct": true, "source": "model"}
{"id": "test-8979", "correct": true, "source": "command"}
{"id": "test-9056", "correct": true, "source": "model"}
{"id": "test-9349", "correct": true, "source": "model"}
{"id": "test-9360", "correct": true, "source": "model"}
{"id": "test-9366", "correct": true, "source": "model"}
{"id": "test-9371", "correct": true, "source": "model"}
{"id": "test-9393", "correct": true, "source": "model"}
{"id": "test-9588", "correct": true, "source": "command"}
{"id": "test-9800", "correct": true, "source": "model"}
{"id": "test-9809", "correct": true, "source": "model"}
{"id": "test-9864", "correct": true, "source": "command"}
{"id": "test-9943", "correct": true, "source": "model"}
{"id": "test-1008", "correct": true, "source": "model"}
{"id": "test-1030", "correct": true, "source": "model"}
{"id": "test-1163", "correct": true, "source": "model"}
{"id": "test-1319", "correct": true, "source": "command"}
{"id": "test-1370", "correct": true, "source": "model"}
{"id": "test-1402", "correct": true, "source": "model"}
{"id": "test-1433", "correct": true, "source": "model"}
{"id": "test-146", "correct": true, "source": "model"}
{"id": "test-1469", "correct": true, "source": "model"}
{"id": "test-1720", "correct": true, "source": "model"}
{"id": "test-1906", "correct": true, "source": "model"}
{"id": "test-2221", "correct": true, "source": "model"}
{"id": "test-2447", "correct": true, "source": "model"}
{"id": "test-2608", "correct": true, "source": "model"}
{"id": "test-2829", "correct": true, "source": "model"}
{"id": "test-2882", "correct": true, "source": "model"}
{"id": "test-2889", "correct": true, "source": "model"}
{"id": "test-2933", "correct": true, "source": "model"}
{"id": "test-3002", "correct": true, "source": "model"}
{"id": "test-3069", "correct": true, "source": "model"}
{"id": "test-3210", "correct": true, "source": "model"}
{"id": "test-3230", "correct": true, "source": "model"}
{"id": "test-3293", "correct": true, "source": "model"}
{"id": "test-3432", "correct": true, "source": "model"}
{"id": "test-3493", "correct": true, "source": "model"}
{"id": "test-3607", "correct": true, "source": "command"}
{"id": "test-3712", "correct": true, "source": "model"}
{"id": "test-3721", "correct": true, "source": "model"}
{"id": "test-373", "correct": true, "source": "model"}
{"id": "test-3887", "correct": true, "source": "model"}
{"id": "test-3979", "correct": true, "source": "model"}
{"id": "test-3980", "correct": true, "source": "model"}
{"id": "test-399", "correct": true, "source": "command"}
{"id": "test-4005", "correct": true, "source": "model"}
{"id": "test-4137", "correct": false, "source": "command"}
{"id": "test-4191", "correct": true, "source": "command"}
{"id": "test-4216", "correct": true, "source": "model"}
{"id": "test-4302", "correct": true, "source": "command"}
{"id": "test-4357", "correct": true, "source": "model"}
{"id": "test-4413", "correct": true, "source": "model"}
{"id": "test-4432", "correct": true, "source": "model"}
{"id": "test-4513", "correct": true, "source": "model"}
{"id": "test-464", "correct": true, "source": "model"}
{"id": "test-4754", "correct": true, "source": "model"}
{"id": "test-5097", "correct": true, "source": "model"}
{"id": "test-5127", "correct": true, "source": "model"}
{"id": "test-5131", "correct": true, "source": "model"}
{"id": "test-5202", "correct": true, "source": "model"}
{"id": "test-5450", "correct": true, "source": "command"}
{"id": "test-5680", "correct": true, "source": "model"}
{"id": "test-5718", "correct": true, "source": "command"}
{"id": "test-5908", "correct": true, "source": "model"}
{"id": "test-5925", "correct": true, "source": "model"}
{"id": "test-594", "correct": true, "source": "model"}
{"id": "test-595", "correct": true, "source": "model"}
{"id": "test-5982", "correct": true, "source": "command"}
{"id": "test-6159", "correct": true, "source": "model"}
{"id": "test-6163", "correct": true, "source": "model"}
{"id": "test-6254", "correct": true, "source": "model"}
{"id": "test-6331", "correct": true, "source": "model"}
{"id": "test-6527", "correct": true, "source": "model"}
{"id": "test-6643", "correct": true, "source": "model"}
{"id": "test-6694", "correct": true, "source": "model"}
{"id": "test-6700", "correct": true, "source": "model"}
{"id": "test-6984", "correct": true, "source": "model"}
{"id": "test-7020", "correct": true, "source": "model"}
{"id": "test-711", "correct": true, "source": "command"}
{"id": "test-7157", "correct": true, "source": "command"}
{"id": "test-7166", "correct": true, "source": "model"}
{"id": "test-7172", "correct": true, "source": "model"}
{"id": "test-7416", "correct": true, "source": "model"}
{"id": "test-7513", "correct": true, "source": "command"}
{"id": "test-7580", "correct": true, "source": "model"}
{"id": "test-7619", "correct": true, "source": "model"}
{"id": "test-7627", "correct": true, "source": "model"}
{"id": "test-7675", "correct": true, "source": "command"}
{"id": "test-7681", "correct": true, "source": "model"}
{"id": "test-7793", "correct": true, "source": "command"}
{"id": "test-7913", "correct": true, "source": "model"}
{"id": "test-7990", "correct": true, "source": "model"}
{"id": "test-8263", "correct": true, "source": "model"}
{"id": "test-8412", "correct": true, "source": "model"}
{"id": "test-8572", "correct": true, "source": "command"}
{"id": "test-8613", "correct": true, "source": "command"}
{"id": "test-8679", "correct": true, "source": "model"}
{"id": "test-877", "correct": true, "source": "model"}
{"id": "test-8785", "correct": true, "source": "model"}
{"id": "test-8798", "correct": true, "source": "model"}
{"id": "test-8825", "correct": true, "source": "model"}
{"id": "test-9054", "correct": true, "source": "model"}
{"id": "test-9204", "correct": true, "source": "model"}
{"id": "test-9298", "correct": true, "source": "model"}
{"id": "test-9341", "correct": true, "source": "model"}
{"id": "test-9403", "correct": true, "source": "command"}
{"id": "test-9565", "correct": true, "source": "model"}
{"id": "test-9567", "correct": true, "source": "model"}
{"id": "test-9694", "correct": true, "source": "model"}
{"id": "test-9807", "correct": true, "source": "model"}
{"id": "test-9841", "correct": true, "source": "command"}
{"id": "test-9904", "correct": true, "source": "model"}
{"id": "test-1079", "correct": true, "source": "command"}
{"id": "test-1225", "correct": true, "source": "command"}
{"id": "test-1270", "correct": true, "source": "command"}
{"id": "test-1278", "correct": true, "source": "command"}
{"id": "test-1389", "correct": true, "source": "command"}
{"id": "test-1421", "correct": true, "source": "model"}
{"id": "test-1447", "correct": true, "source": "model"}
{"id": "test-1618", "correct": true, "source": "model"}
{"id": "test-1632", "correct": true, "source": "command"}
{"id": "test-1657", "correct": true, "source": "command"}
{"id": "test-201", "correct": true, "source": "command"}
{"id": "test-2084", "correct": true, "source": "command"}
{"id": "test-2270", "correct": true, "source": "command"}
{"id": "test-2335", "correct": true, "source": "command"}
{"id": "test-2411", "correct": true, "source": "command"}
{"id": "test-2476", "correct": true, "source": "command"}
{"id": "test-2508", "correct": true, "source": "command"}
{"id": "test-2553", "correct": true, "source": "command"}
{"id": "test-2561", "correct": true, "source": "command"}
{"id": "test-2642", "correct": true, "source": "command"}
{"id": "test-2708", "correct": true, "source": "command"}
{"id": "test-2805", "correct": true, "source": "command"}
{"id": "test-2964", "correct": true, "source": "command"}
{"id": "test-3177", "correct": true, "source": "command"}
{"id": "test-3229", "correct": true, "source": "command"}
{"id": "test-3265", "correct": true, "source": "command"}
{"id": "test-3331", "correct": true, "source": "command"}
{"id": "test-3350", "correct": true, "source": "command"}
{"id": "test-3674", "correct": true, "source": "command"}
{"id": "test-3696", "correct": true, "source": "command"}
{"id": "test-3789", "correct": true, "source": "command"}
{"id": "test-384", "correct": true, "source": "command"}
{"id": "test-3878", "correct": true, "source": "model"}
{"id": "test-3920", "correct": true, "source": "command"}
{"id": "test-3932", "correct": true, "source": "model"}
{"id": "test-3971", "correct": true, "source": "command"}
{"id": "test-414", "correct": true, "source": "command"}
{"id": "test-4387", "correct": true, "source": "command"}
{"id": "test-4422", "correct": true, "source": "command"}
{"id": "test-4561", "correct": true, "source": "command"}
{"id": "test-4659", "correct": true, "source": "command"}
{"id": "test-4697", "correct": true, "source": "command"}
{"id": "test-4755", "correct": true, "source": "command"}
{"id": "test-4833", "correct": true, "source": "command"}
{"id": "test-5195", "correct": true, "source": "model"}
{"id": "test-5204", "correct": true, "source": "command"}
{"id": "test-5238", "correct": false, "source": "model"}
{"id": "test-5265", "correct": true, "source": "command"}
{"id": "test-5321", "correct": true, "source": "command"}
{"id": "test-5344", "correct": true, "source": "command"}
{"id": "test-5418", "correct": true, "source": "command"}
{"id": "test-5433", "correct": true, "source": "command"}
{"id": "test-547", "correct": true, "source": "command"}
{"id": "test-562", "correct": true, "source": "command"}
{"id": "test-5828", "correct": true, "source": "model"}
{"id": "test-5983", "correct": true, "source": "command"}
{"id": "test-5988", "correct": true, "source": "model"}
{"id": "test-6042", "correct": true, "source": "command"}
{"id": "test-615", "correct": true, "source": "command"}
{"id": "test-6189", "correct": true, "source": "command"}
{"id": "test-6301", "correct": true, "source": "command"}
{"id": "test-6388", "correct": true, "source": "command"}
{"id": "test-6540", "correct": true, "source": "command"}
{"id": "test-6552", "correct": true, "source": "command"}
{"id": "test-6608", "correct": true, "source": "command"}
{"id": "test-6677", "correct": true, "source": "command"}
{"id": "test-6718", "correct": true, "source": "command"}
{"id": "test-6807", "correct": true, "source": "model"}
{"id": "test-6841", "correct": true, "source": "command"}
{"id": "test-7090", "correct": true, "source": "model"}
{"id": "test-7119", "correct": true, "source": "command"}
{"id": "test-7213", "correct": true, "source": "model"}
{"id": "test-7304", "correct": true, "source": "command"}
{"id": "test-7321", "correct": true, "source": "command"}
{"id": "test-7616", "correct": true, "source": "command"}
{"id": "test-792", "correct": true, "source": "command"}
{"id": "test-8278", "correct": true, "source": "command"}
{"id": "test-8323", "correct": true, "source": "command"}
{"id": "test-8385", "correct": true, "source": "command"}
{"id": "test-8458", "correct": true, "source": "command"}
{"id": "test-8490", "correct": true, "source": "command"}
{"id": "test-8538", "correct": true, "source": "command"}
{"id": "test-858", "correct": true, "source": "command"}
{"id": "test-8622", "correct": true, "source": "model"}
{"id": "test-8661", "correct": true, "source": "model"}
{"id": "test-8674", "correct": true, "source": "command"}
{"id": "test-8701", "correct": true, "source": "command"}
{"id": "test-8908", "correct": true, "source": "command"}
{"id": "test-8934", "correct": true, "source": "command"}
{"id": "test-8948", "correct": true, "source": "command"}
{"id": "test-903", "correct": true, "source": "command"}
{"id": "test-9086", "correct": true, "source": "command"}
{"id": "test-9180", "correct": true, "source": "command"}
{"id": "test-9190", "correct": true, "source": "command"}
{"id": "test-9230", "correct": true, "source": "command"}
{"id": "test-9407", "correct": true, "source": "model"}
{"id": "test-9771", "correct": true, "source": "command"}
{"id": "test-9793", "correct": true, "source": "model"}
{"id": "test-9814", "correct": true, "source": "command"}
{"id": "test-9871", "correct": true, "source": "command"}
{"id": "test-107", "correct": true, "source": "model"}
{"id": "test-1080", "correct": true, "source": "command"}
{"id": "test-1166", "correct": true, "source": "model"}
{"id": "test-119", "correct": true, "source": "model"}
{"id": "test-1339", "correct": true, "source": "command"}
{"id": "test-1534", "correct": true, "source": "model"}
{"id": "test-1573", "correct": true, "source": "model"}
{"id": "test-1610", "correct": true, "source": "command"}
{"id": "test-1846", "correct": true, "source": "model"}
{"id": "test-229", "correct": true, "source": "command"}
{"id": "test-234", "correct": true, "source": "command"}
{"id": "test-2570", "correct": true, "source": "command"}
{"id": "test-2624", "correct": true, "source": "model"}
{"id": "test-2648", "correct": true, "source": "model"}
{"id": "test-2686", "correct": true, "source": "model"}
{"id": "test-2703", "correct": true, "source": "command"}
{"id": "test-2922", "correct": true, "source": "command"}
{"id": "test-2946", "correct": true, "source": "command"}
{"id": "test-2979", "correct": true, "source": "command"}
{"id": "test-3065", "correct": true, "source": "model"}
{"id": "test-3079", "correct": true, "source": "command"}
{"id": "test-3173", "correct": false, "source": "model"}
{"id": "test-3194", "correct": true, "source": "model"}
{"id": "test-3398", "correct": true, "source": "model"}
{"id": "test-3459", "correct": true, "source": "command"}
{"id": "test-3549", "correct": true, "source": "command"}
{"id": "test-3582", "correct": true, "source": "command"}
{"id": "test-3706", "correct": true, "source": "command"}
{"id": "test-3832", "correct": true, "source": "command"}
{"id": "test-3934", "correct": true, "source": "command"}
{"id": "test-3998", "correct": true, "source": "model"}
{"id": "test-4025", "correct": true, "source": "model"}
{"id": "test-4153", "correct": true, "source": "model"}
{"id": "test-4244", "correct": true, "source": "command"}
{"id": "test-4281", "correct": true, "source": "command"}
{"id": "test-431", "correct": true, "source": "model"}
{"id": "test-439", "correct": false, "source": "command"}
{"id": "test-4416", "correct": true, "source": "command"}
{"id": "test-4499", "correct": true, "source": "command"}
{"id": "test-4525", "correct": true, "source": "model"}
{"id": "test-4536", "correct": false, "source": "command"}
{"id": "test-4679", "correct": true, "source": "command"}
{"id": "test-4850", "correct": true, "source": "model"}
{"id": "test-4916", "correct": true, "source": "command"}
{"id": "test-4936", "correct": false, "source": "command"}
{"id": "test-5176", "correct": true, "source": "model"}
{"id": "test-5324", "correct": true, "source": "command"}
{"id": "test-5327", "correct": true, "source": "command"}
{"id": "test-5333", "correct": true, "source": "command"}
{"id": "test-5548", "correct": true, "source": "model"}
{"id": "test-5568", "correct": true, "source": "command"}
{"id": "test-567", "correct": true, "source": "command"}
{"id": "test-5677", "correct": true, "source": "command"}
{"id": "test-6003", "correct": true, "source": "command"}
{"id": "test-6100", "correct": true, "source": "command"}
{"id": "test-6104", "correct": true, "source": "model"}
{"id": "test-6111", "correct": true, "source": "command"}
{"id": "test-6116", "correct": true, "source": "command"}
{"id": "test-6186", "correct": true, "source": "command"}
{"id": "test-620", "correct": true, "source": "model"}
{"id": "test-6208", "correct": true, "source": "model"}
{"id": "test-6244", "correct": true, "source": "command"}
{"id": "test-6297", "correct": true, "source": "command"}
{"id": "test-6501", "correct": true, "source": "command"}
{"id": "test-6526", "correct": true, "source": "command"}
{"id": "test-663", "correct": true, "source": "command"}
{"id": "test-6861", "correct": false, "source": "command"}
{"id": "test-705", "correct": true, "source": "model"}
{"id": "test-7137", "correct": true, "source": "command"}
{"id": "test-7250", "correct": true, "source": "command"}
{"id": "test-728", "correct": true, "source": "model"}
{"id": "test-7463", "correct": true, "source": "command"}
{"id": "test-7801", "correct": true, "source": "command"}
{"id": "test-7967", "correct": true, "source": "command"}
{"id": "test-8035", "correct": true, "source": "command"}
{"id": "test-8153", "correct": true, "source": "model"}
{"id": "test-8175", "correct": true, "source": "command"}
{"id": "test-823", "correct": true, "source": "command"}
{"id": "test-8287", "correct": true, "source": "command"}
{"id": "test-8367", "correct": true, "source": "model"}
{"id": "test-8394", "correct": true, "source": "command"}
{"id": "test-8411", "correct": true, "source": "command"}
{"id": "test-8424", "correct": true, "source": "model"}
{"id": "test-8599", "correct": true, "source": "model"}
{"id": "test-8607", "correct": true, "source": "model"}
{"id": "test-8754", "correct": true, "source": "model"}
{"id": "test-8789", "correct": false, "source": "command"}
{"id": "test-9075", "correct": true, "source": "model"}
{"id": "test-9164", "correct": true, "source": "command"}
{"id": "test-9404", "correct": true, "source": "command"}
{"id": "test-95", "correct": true, "source": "command"}
{"id": "test-9541", "correct": true, "source": "command"}
{"id": "test-9612", "correct": true, "source": "command"}
{"id": "test-9683", "correct": true, "source": "command"}
{"id": "test-969", "correct": true, "source": "command"}
{"id": "test-9798", "correct": true, "source": "model"}
{"id": "test-9830", "correct": true, "source": "command"}
{"id": "test-9854", "correct": true, "source": "model"}
{"id": "test-9858", "correct": true, "source": "model"}
{"id": "test-9990", "correct": true, "source": "command"}
{"id": "test-1028", "correct": true, "source": "model"}
{"id": "test-1070", "correct": true, "source": "model"}
{"id": "test-1176", "correct": true, "source": "model"}
{"id": "test-1282", "correct": true, "source": "model"}
{"id": "test-138", "correct": true, "source": "model"}
{"id": "test-1400", "correct": false, "source": "model"}
{"id": "test-1545", "correct": true, "source": "model"}
{"id": "test-1642", "correct": true, "source": "model"}
{"id": "test-180", "correct": true, "source": "model"}
{"id": "test-1850", "correct": true, "source": "model"}
{"id": "test-186", "correct": true, "source": "model"}
{"id": "test-191", "correct": true, "source": "model"}
{"id": "test-1982", "correct": true, "source": "model"}
{"id": "test-1985", "correct": true, "source": "model"}
{"id": "test-2021", "correct": true, "source": "model"}
{"id": "test-2133", "correct": true, "source": "model"}
{"id": "test-2140", "correct": true, "source": "model"}
{"id": "test-2232", "correct": true, "source": "model"}
{"id": "test-2243", "correct": true, "source": "model"}
{"id": "test-2427", "correct": true, "source": "model"}
{"id": "test-2616", "correct": true, "source": "model"}
{"id": "test-2730", "correct": true, "source": "model"}
{"id": "test-2747", "correct": true, "source": "model"}
{"id": "test-2861", "correct": true, "source": "model"}
{"id": "test-3004", "correct": true, "source": "model"}
{"id": "test-3016", "correct": true, "source": "model"}
{"id": "test-3092", "correct": true, "source": "model"}
{"id": "test-3097", "correct": true, "source": "model"}
{"id": "test-3451", "correct": true, "source": "model"}
{"id": "test-3564", "correct": true, "source": "model"}
{"id": "test-3727", "correct": true, "source": "model"}
{"id": "test-3766", "correct": true, "source": "model"}
{"id": "test-393", "correct": true, "source": "model"}
{"id": "test-4038", "correct": true, "source": "model"}
{"id": "test-4077", "correct": true, "source": "model"}
{"id": "test-4185", "correct": true, "source": "model"}
{"id": "test-4335", "correct": true, "source": "model"}
{"id": "test-4575", "correct": true, "source": "model"}
{"id": "test-473", "correct": true, "source": "model"}
{"id": "test-4780", "correct": true, "source": "model"}
{"id": "test-4823", "correct": true, "source": "model"}
{"id": "test-500", "correct": true, "source": "model"}
{"id": "test-5090", "correct": true, "source": "model"}
{"id": "test-5110", "correct": true, "source": "model"}
{"id": "test-5182", "correct": true, "source": "model"}
{"id": "test-5281", "correct": true, "source": "model"}
{"id": "test-5372", "correct": true, "source": "model"}
{"id": "test-5438", "correct": true, "source": "model"}
{"id": "test-5512", "correct": true, "source": "model"}
{"id": "test-5648", "correct": true, "source": "model"}
{"id": "test-5750", "correct": false, "source": "command"}
{"id": "test-5755", "correct": true, "source": "model"}
{"id": "test-580", "correct": true, "source": "model"}
{"id": "test-5812", "correct": true, "source": "model"}
{"id": "test-588", "correct": true, "source": "model"}
{"id": "test-5888", "correct": true, "source": "model"}
{"id": "test-6021", "correct": true, "source": "model"}
{"id": "test-613", "correct": true, "source": "model"}
{"id": "test-6157", "correct": true, "source": "model"}
{"id": "test-6399", "correct": true, "source": "model"}
{"id": "test-640", "correct": true, "source": "model"}
{"id": "test-7008", "correct": true, "source": "model"}
{"id": "test-7055", "correct": true, "source": "model"}
{"id": "test-7074", "correct": true, "source": "model"}
{"id": "test-7202", "correct": true, "source": "model"}
{"id": "test-7315", "correct": true, "source": "model"}
{"id": "test-7346", "correct": false, "source": "model"}
{"id": "test-7437", "correct": true, "source": "model"}
{"id": "test-7444", "correct": true, "source": "model"}
{"id": "test-7454", "correct": true, "source": "model"}
{"id": "test-747", "correct": true, "source": "model"}
{"id": "test-7530", "correct": true, "source": "model"}
{"id": "test-7563", "correct": true, "source": "model"}
{"id": "test-7578", "correct": true, "source": "model"}
{"id": "test-7809", "correct": true, "source": "model"}
{"id": "test-7915", "correct": true, "source": "model"}
{"id": "test-7979", "correct": true, "source": "model"}
{"id": "test-8012", "correct": true, "source": "model"}
{"id": "test-8049", "correct": true, "source": "model"}
{"id": "test-806", "correct": true, "source": "model"}
{"id": "test-8120", "correct": true, "source": "model"}
{"id": "test-8443", "correct": true, "source": "model"}
{"id": "test-8473", "correct": true, "source": "model"}
{"id": "test-8597", "correct": true, "source": "model"}
{"id": "test-8602", "correct": true, "source": "model"}
{"id": "test-8618", "correct": true, "source": "model"}
{"id": "test-8643", "correct": true, "source": "model"}
{"id": "test-8731", "correct": true, "source": "model"}
{"id": "test-8885", "correct": true, "source": "model"}
{"id": "test-8900", "correct": true, "source": "model"}
{"id": "test-8921", "correct": true, "source": "model"}
{"id": "test-9071", "correct": true, "source": "model"}
{"id": "test-9175", "correct": true, "source": "model"}
{"id": "test-933", "correct": true, "source": "model"}
{"id": "test-9500", "correct": true, "source": "model"}
{"id": "test-9501", "correct": true, "source": "model"}
{"id": "test-9688", "correct": true, "source": "model"}
{"id": "test-9826", "correct": true, "source": "model"}
{"id": "test-9856", "correct": true, "source": "model"}
{"id": "test-9911", "correct": true, "source": "model"}
{"id": "test-1091", "correct": true, "source": "command"}
{"id": "test-1209", "correct": true, "source": "model"}
{"id": "test-1226", "correct": true, "source": "command"}
{"id": "test-1265", "correct": true, "source": "command"}
{"id": "test-1268", "correct": true, "source": "command"}
{"id": "test-1463", "correct": true, "source": "model"}
{"id": "test-1467", "correct": true, "source": "command"}
{"id": "test-15", "correct": true, "source": "command"}
{"id": "test-1519", "correct": true, "source": "model"}
{"id": "test-1670", "correct": true, "source": "command"}
{"id": "test-1671", "correct": true, "source": "command"}
{"id": "test-1879", "correct": true, "source": "model"}
{"id": "test-2068", "correct": true, "source": "command"}
{"id": "test-2177", "correct": true, "source": "command"}
{"id": "test-2378", "correct": true, "source": "command"}
{"id": "test-2410", "correct": true, "source": "command"}
{"id": "test-2579", "correct": true, "source": "command"}
{"id": "test-2592", "correct": true, "source": "command"}
{"id": "test-2613", "correct": true, "source": "command"}
{"id": "test-2614", "correct": true, "source": "command"}
{"id": "test-2746", "correct": true, "source": "command"}
{"id": "test-2758", "correct": true, "source": "command"}
{"id": "test-3022", "correct": true, "source": "model"}
{"id": "test-3370", "correct": true, "source": "command"}
{"id": "test-3399", "correct": true, "source": "model"}
{"id": "test-344", "correct": true, "source": "model"}
{"id": "test-3449", "correct": true, "source": "model"}
{"id": "test-3490", "correct": true, "source": "model"}
{"id": "test-3496", "correct": true, "source": "model"}
{"id": "test-368", "correct": true, "source": "command"}
{"id": "test-383", "correct": true, "source": "model"}
{"id": "test-4001", "correct": true, "source": "command"}
{"id": "test-4030", "correct": true, "source": "model"}
{"id": "test-4189", "correct": true, "source": "command"}
{"id": "test-4219", "correct": true, "source": "command"}
{"id": "test-4279", "correct": true, "source": "model"}
{"id": "test-4480", "correct": true, "source": "model"}
{"id": "test-4582", "correct": true, "source": "model"}
{"id": "test-4598", "correct": true, "source": "command"}
{"id": "test-4685", "correct": true, "source": "command"}
{"id": "test-4778", "correct": true, "source": "model"}
{"id": "test-4803", "correct": true, "source": "command"}
{"id": "test-4946", "correct": true, "source": "command"}
{"id": "test-512", "correct": true, "source": "command"}
{"id": "test-5283", "correct": true, "source": "model"}
{"id": "test-5373", "correct": true, "source": "model"}
{"id": "test-5472", "correct": true, "source": "command"}
{"id": "test-5608", "correct": true, "source": "command"}
{"id": "test-561", "correct": true, "source": "command"}
{"id": "test-5661", "correct": true, "source": "model"}
{"id": "test-571", "correct": true, "source": "command"}
{"id": "test-578", "correct": true, "source": "command"}
{"id": "test-5808", "correct": true, "source": "command"}
{"id": "test-5841", "correct": true, "source": "command"}
{"id": "test-6000", "correct": true, "source": "command"}
{"id": "test-6134", "correct": true, "source": "command"}
{"id": "test-6210", "correct": true, "source": "command"}
{"id": "test-6283", "correct": false, "source": "model"}
{"id": "test-6391", "correct": true, "source": "command"}
{"id": "test-65", "correct": false, "source": "command"}
{"id": "test-6569", "correct": true, "source": "command"}
{"id": "test-669", "correct": true, "source": "model"}
{"id": "test-670", "correct": true, "source": "command"}
{"id": "test-6707", "correct": true, "source": "command"}
{"id": "test-671", "correct": true, "source": "command"}
{"id": "test-6891", "correct": true, "source": "model"}
{"id": "test-7004", "correct": true, "source": "model"}
{"id": "test-7127", "correct": true, "source": "command"}
{"id": "test-7424", "correct": true, "source": "command"}
{"id": "test-7642", "correct": true, "source": "model"}
{"id": "test-7691", "correct": true, "source": "command"}
{"id": "test-7753", "correct": true, "source": "command"}
{"id": "test-7918", "correct": true, "source": "command"}
{"id": "test-8091", "correct": true, "source": "model"}
{"id": "test-8455", "correct": true, "source": "command"}
{"id": "test-8461", "correct": true, "source": "command"}
{"id": "test-8478", "correct": true, "source": "command"}
{"id": "test-8492", "correct": true, "source": "command"}
{"id": "test-8653", "correct": true, "source": "model"}
{"id": "test-8696", "correct": true, "source": "command"}
{"id": "test-8969", "correct": true, "source": "model"}
{"id": "test-8989", "correct": true, "source": "command"}
{"id": "test-8996", "correct": true, "source": "command"}
{"id": "test-9093", "correct": true, "source": "command"}
{"id": "test-9119", "correct": true, "source": "model"}
{"id": "test-919", "correct": true, "source": "command"}
{"id": "test-9286", "correct": true, "source": "command"}
{"id": "test-9369", "correct": true, "source": "command"}
{"id": "test-9376", "correct": true, "source": "model"}
{"id": "test-9392", "correct": true, "source": "command"}
{"id": "test-9412", "correct": true, "source": "command"}
{"id": "test-9482", "correct": true, "source": "command"}
{"id": "test-9584", "correct": true, "source": "command"}
{"id": "test-9695", "correct": true, "source": "command"}
{"id": "test-9725", "correct": true, "source": "command"}
{"id": "test-9786", "correct": true, "source": "model"}
{"id": "test-979", "correct": true, "source": "command"}
{"id": "test-9828", "correct": true, "source": "model"}
{"id": "test-9874", "correct": true, "source": "command"}
{"id": "test-989", "correct": true, "source": "model"}
{"id": "test-1232", "correct": true, "source": "command"}
{"id": "test-1517", "correct": false, "source": "model"}
{"id": "test-1547", "correct": true, "source": "model"}
{"id": "test-16", "correct": true, "source": "command"}
{"id": "test-1742", "correct": true, "source": "model"}
{"id": "test-1751", "correct": true, "source": "model"}
{"id": "test-1794", "correct": true, "source": "command"}
{"id": "test-1812", "correct": true, "source": "model"}
{"id": "test-1845", "correct": true, "source": "model"}
{"id": "test-185", "correct": true, "source": "command"}
{"id": "test-2250", "correct": true, "source": "command"}
{"id": "test-2252", "correct": true, "source": "model"}
{"id": "test-2295", "correct": true, "source": "model"}
{"id": "test-2360", "correct": true, "source": "model"}
{"id": "test-2369", "correct": true, "source": "model"}
{"id": "test-2401", "correct": true, "source": "model"}
{"id": "test-2419", "correct": true, "source": "model"}
{"id": "test-2511", "correct": true, "source": "model"}
{"id": "test-270", "correct": true, "source": "command"}
{"id": "test-2739", "correct": true, "source": "model"}
{"id": "test-2890", "correct": true, "source": "model"}
{"id": "test-2906", "correct": true, "source": "model"}
{"id": "test-2963", "correct": true, "source": "command"}
{"id": "test-297", "correct": true, "source": "command"}
{"id": "test-307", "correct": true, "source": "command"}
{"id": "test-3224", "correct": true, "source": "model"}
{"id": "test-3387", "correct": true, "source": "model"}
{"id": "test-358", "correct": true, "source": "model"}
{"id": "test-3623", "correct": true, "source": "command"}
{"id": "test-3718", "correct": true, "source": "model"}
{"id": "test-3880", "correct": true, "source": "model"}
{"id": "test-3950", "correct": true, "source": "command"}
{"id": "test-4123", "correct": true, "source": "command"}
{"id": "test-4175", "correct": true, "source": "model"}
{"id": "test-4258", "correct": true, "source": "model"}
{"id": "test-426", "correct": true, "source": "model"}
{"id": "test-4267", "correct": true, "source": "command"}
{"id": "test-4492", "correct": true, "source": "model"}
{"id": "test-4504", "correct": true, "source": "model"}
{"id": "test-4560", "correct": true, "source": "model"}
{"id": "test-457", "correct": true, "source": "model"}
{"id": "test-4672", "correct": true, "source": "model"}
{"id": "test-4686", "correct": true, "source": "command"}
{"id": "test-4698", "correct": true, "source": "model"}
{"id": "test-4731", "correct": true, "source": "model"}
{"id": "test-4949", "correct": true, "source": "model"}
{"id": "test-4977", "correct": true, "source": "command"}
{"id": "test-4982", "correct": true, "source": "model"}
{"id": "test-4983", "correct": true, "source": "model"}
{"id": "test-5065", "correct": true, "source": "model"}
{"id": "test-5162", "correct": true, "source": "model"}
{"id": "test-5177", "correct": true, "source": "model"}
{"id": "test-5243", "correct": true, "source": "model"}
{"id": "test-5355", "correct": true, "source": "model"}
{"id": "test-5510", "correct": true, "source": "model"}
{"id": "test-5636", "correct": true, "source": "model"}
{"id": "test-5879", "correct": true, "source": "model"}
{"id": "test-6315", "correct": true, "source": "model"}
{"id": "test-6494", "correct": true, "source": "model"}
{"id": "test-6576", "correct": true, "source": "command"}
{"id": "test-6755", "correct": true, "source": "model"}
{"id": "test-686", "correct": true, "source": "model"}
{"id": "test-713", "correct": true, "source": "model"}
{"id": "test-7168", "correct": true, "source": "model"}
{"id": "test-7179", "correct": true, "source": "model"}
{"id": "test-7184", "correct": true, "source": "command"}
{"id": "test-7232", "correct": true, "source": "command"}
{"id": "test-732", "correct": true, "source": "model"}
{"id": "test-7350", "correct": true, "source": "model"}
{"id": "test-7410", "correct": true, "source": "model"}
{"id": "test-7447", "correct": true, "source": "model"}
{"id": "test-7501", "correct": true, "source": "command"}
{"id": "test-7524", "correct": true, "source": "model"}
{"id": "test-7566", "correct": true, "source": "model"}
{"id": "test-7635", "correct": true, "source": "model"}
{"id": "test-7830", "correct": true, "source": "model"}
{"id": "test-8001", "correct": true, "source": "model"}
{"id": "test-8075", "correct": true, "source": "model"}
{"id": "test-8099", "correct": true, "source": "model"}
{"id": "test-822", "correct": true, "source": "model"}
{"id": "test-8302", "correct": true, "source": "model"}
{"id": "test-8305", "correct": true, "source": "model"}
{"id": "test-8349", "correct": true, "source": "model"}
{"id": "test-8406", "correct": true, "source": "model"}
{"id": "test-8537", "correct": true, "source": "command"}
{"id": "test-8539", "correct": true, "source": "model"}
{"id": "test-8542", "correct": true, "source": "model"}
{"id": "test-8546", "correct": true, "source": "model"}
{"id": "test-8575", "correct": true, "source": "command"}
{"id": "test-861", "correct": true, "source": "model"}
{"id": "test-8761", "correct": true, "source": "command"}
{"id": "test-9013", "correct": true, "source": "command"}
{"id": "test-9067", "correct": true, "source": "model"}
{"id": "test-9105", "correct": true, "source": "model"}
{"id": "test-9264", "correct": true, "source": "model"}
{"id": "test-9277", "correct": true, "source": "model"}
{"id": "test-9279", "correct": true, "source": "model"}
{"id": "test-9560", "correct": true, "source": "model"}
{"id": "test-9776", "correct": true, "source": "model"}
{"id": "test-9927", "correct": true, "source": "command"}
{"id": "test-1057", "correct": true, "source": "command"}
{"id": "test-1106", "correct": true, "source": "command"}
{"id": "test-1119", "correct": true, "source": "command"}
{"id": "test-1134", "correct": true, "source": "command"}
{"id": "test-1159", "correct": true, "source": "command"}
{"id": "test-1195", "correct": true, "source": "model"}
{"id": "test-1222", "correct": true, "source": "model"}
{"id": "test-1313", "correct": true, "source": "command"}
{"id": "test-1364", "correct": true, "source": "command"}
{"id": "test-1710", "correct": true, "source": "model"}
{"id": "test-1721", "correct": true, "source": "command"}
{"id": "test-1926", "correct": true, "source": "command"}
{"id": "test-198", "correct": true, "source": "command"}
{"id": "test-1983", "correct": true, "source": "command"}
{"id": "test-20", "correct": true, "source": "command"}
{"id": "test-2046", "correct": true, "source": "command"}
{"id": "test-2152", "correct": true, "source": "command"}
{"id": "test-2163", "correct": true, "source": "command"}
{"id": "test-2214", "correct": true, "source": "command"}
{"id": "test-2233", "correct": true, "source": "command"}
{"id": "test-2245", "correct": true, "source": "command"}
{"id": "test-2351", "correct": true, "source": "command"}
{"id": "test-2479", "correct": true, "source": "model"}
{"id": "test-2555", "correct": true, "source": "command"}
{"id": "test-2735", "correct": true, "source": "command"}
{"id": "test-3025", "correct": true, "source": "model"}
{"id": "test-3359", "correct": true, "source": "command"}
{"id": "test-3418", "correct": true, "source": "command"}
{"id": "test-3448", "correct": true, "source": "command"}
{"id": "test-3487", "correct": true, "source": "model"}
{"id": "test-3523", "correct": true, "source": "model"}
{"id": "test-3560", "correct": true, "source": "command"}
{"id": "test-3566", "correct": true, "source": "model"}
{"id": "test-367", "correct": true, "source": "command"}
{"id": "test-37", "correct": true, "source": "model"}
{"id": "test-379", "correct": true, "source": "command"}
{"id": "test-3953", "correct": true, "source": "command"}
{"id": "test-3955", "correct": true, "source": "command"}
{"id": "test-4101", "correct": true, "source": "model"}
{"id": "test-417", "correct": true, "source": "command"}
{"id": "test-4248", "correct": true, "source": "command"}
{"id": "test-4317", "correct": true, "source": "model"}
{"id": "test-4403", "correct": true, "source": "command"}
{"id": "test-4498", "correct": true, "source": "command"}
{"id": "test-4515", "correct": true, "source": "command"}
{"id": "test-4705", "correct": true, "source": "command"}
{"id": "test-471", "correct": true, "source": "command"}
{"id": "test-4848", "correct": true, "source": "command"}
{"id": "test-5123", "correct": true, "source": "command"}
{"id": "test-5257", "correct": true, "source": "command"}
{"id": "test-5288", "correct": true, "source": "command"}
{"id": "test-5381", "correct": true, "source": "command"}
{"id": "test-5404", "correct": true, "source": "model"}
{"id": "test-5446", "correct": true, "source": "command"}
{"id": "test-5511", "correct": true, "source": "command"}
{"id": "test-5556", "correct": true, "source": "command"}
{"id": "test-5951", "correct": true, "source": "command"}
{"id": "test-6078", "correct": true, "source": "model"}
{"id": "test-6119", "correct": true, "source": "command"}
{"id": "test-6250", "correct": true, "source": "model"}
{"id": "test-6479", "correct": true, "source": "command"}
{"id": "test-6731", "correct": true, "source": "command"}
{"id": "test-6734", "correct": true, "source": "model"}
{"id": "test-674", "correct": true, "source": "command"}
{"id": "test-6773", "correct": true, "source": "command"}
{"id": "test-6842", "correct": true, "source": "command"}
{"id": "test-6888", "correct": true, "source": "model"}
{"id": "test-7161", "correct": true, "source": "command"}
{"id": "test-7188", "correct": true, "source": "command"}
{"id": "test-7270", "correct": true, "source": "command"}
{"id": "test-7287", "correct": true, "source": "command"}
{"id": "test-7388", "correct": true, "source": "model"}
{"id": "test-7409", "correct": true, "source": "model"}
{"id": "test-7458", "correct": true, "source": "command"}
{"id": "test-7493", "correct": true, "source": "command"}
{"id": "test-769", "correct": true, "source": "command"}
{"id": "test-789", "correct": true, "source": "command"}
{"id": "test-8056", "correct": true, "source": "model"}
{"id": "test-8062", "correct": false, "source": "command"}
{"id": "test-8308", "correct": true, "source": "command"}
{"id": "test-846", "correct": true, "source": "command"}
{"id": "test-8554", "correct": true, "source": "command"}
{"id": "test-8787", "correct": true, "source": "command"}
{"id": "test-8835", "correct": true, "source": "command"}
{"id": "test-8853", "correct": true, "source": "command"}
{"id": "test-8977", "correct": true, "source": "model"}
{"id": "test-9122", "correct": true, "source": "command"}
{"id": "test-9154", "correct": true, "source": "command"}
{"id": "test-9183", "correct": true, "source": "model"}
{"id": "test-9301", "correct": true, "source": "command"}
{"id": "test-9306", "correct": true, "source": "command"}
{"id": "test-9439", "correct": true, "source": "command"}
{"id": "test-9514", "correct": false, "source": "model"}
{"id": "test-953", "correct": true, "source": "model"}
{"id": "test-9639", "correct": true, "source": "command"}
{"id": "test-9651", "correct": true, "source": "model"}
{"id": "test-9734", "correct": true, "source": "command"}
{"id": "test-9753", "correct": true, "source": "model"}
{"id": "test-9824", "correct": true, "source": "command"}
{"id": "test-9837", "correct": true, "source": "command"}
{"id": "test-11", "correct": true, "source": "model"}
{"id": "test-1109", "correct": true, "source": "model"}
{"id": "test-1205", "correct": true, "source": "command"}
{"id": "test-1219", "correct": true, "source": "model"}
{"id": "test-1230", "correct": true, "source": "command"}
{"id": "test-1254", "correct": true, "source": "model"}
{"id": "test-1516", "correct": true, "source": "model"}
{"id": "test-1626", "correct": true, "source": "command"}
{"id": "test-166", "correct": true, "source": "command"}
{"id": "test-1853", "correct": true, "source": "model"}
{"id": "test-1864", "correct": true, "source": "command"}
{"id": "test-1913", "correct": true, "source": "command"}
{"id": "test-2009", "correct": true, "source": "model"}
{"id": "test-2132", "correct": true, "source": "model"}
{"id": "test-2160", "correct": true, "source": "command"}
{"id": "test-2239", "correct": true, "source": "model"}
{"id": "test-2376", "correct": true, "source": "model"}
{"id": "test-248", "correct": true, "source": "command"}
{"id": "test-2576", "correct": true, "source": "command"}
{"id": "test-264", "correct": true, "source": "command"}
{"id": "test-273", "correct": true, "source": "command"}
{"id": "test-2790", "correct": true, "source": "model"}
{"id": "test-2885", "correct": true, "source": "model"}
{"id": "test-2938", "correct": true, "source": "command"}
{"id": "test-294", "correct": true, "source": "model"}
{"id": "test-2942", "correct": true, "source": "model"}
{"id": "test-2956", "correct": true, "source": "model"}
{"id": "test-2988", "correct": true, "source": "model"}
{"id": "test-3052", "correct": true, "source": "command"}
{"id": "test-314", "correct": true, "source": "model"}
{"id": "test-3148", "correct": true, "source": "command"}
{"id": "test-3150", "correct": true, "source": "model"}
{"id": "test-3193", "correct": true, "source": "command"}
{"id": "test-3330", "correct": true, "source": "command"}
{"id": "test-3570", "correct": true, "source": "command"}
{"id": "test-3580", "correct": true, "source": "model"}
{"id": "test-3604", "correct": true, "source": "model"}
{"id": "test-3652", "correct": true, "source": "model"}
{"id": "test-3875", "correct": true, "source": "model"}
{"id": "test-3893", "correct": true, "source": "model"}
{"id": "test-4046", "correct": true, "source": "model"}
{"id": "test-4126", "correct": true, "source": "model"}
{"id": "test-4363", "correct": true, "source": "model"}
{"id": "test-4373", "correct": true, "source": "model"}
{"id": "test-4423", "correct": true, "source": "model"}
{"id": "test-4556", "correct": true, "source": "command"}
{"id": "test-4980", "correct": true, "source": "command"}
{"id": "test-4996", "correct": true, "source": "model"}
{"id": "test-5017", "correct": true, "source": "command"}
{"id": "test-5159", "correct": true, "source": "model"}
{"id": "test-5160", "correct": true, "source": "model"}
{"id": "test-5284", "correct": true, "source": "model"}
{"id": "test-5442", "correct": true, "source": "model"}
{"id": "test-5527", "correct": true, "source": "command"}
{"id": "test-5562", "correct": true, "source": "model"}
{"id": "test-599", "correct": true, "source": "command"}
{"id": "test-6022", "correct": true, "source": "command"}
{"id": "test-6080", "correct": true, "source": "command"}
{"id": "test-6096", "correct": true, "source": "model"}
{"id": "test-6229", "correct": true, "source": "model"}
{"id": "test-6246", "correct": true, "source": "model"}
{"id": "test-66", "correct": true, "source": "model"}
{"id": "test-6602", "correct": true, "source": "command"}
{"id": "test-662", "correct": true, "source": "model"}
{"id": "test-6633", "correct": true, "source": "model"}
{"id": "test-6662", "correct": true, "source": "command"}
{"id": "test-6665", "correct": true, "source": "command"}
{"id": "test-707", "correct": true, "source": "model"}
{"id": "test-7134", "correct": true, "source": "model"}
{"id": "test-731", "correct": true, "source": "model"}
{"id": "test-7316", "correct": true, "source": "command"}
{"id": "test-7605", "correct": true, "source": "command"}
{"id": "test-7641", "correct": true, "source": "model"}
{"id": "test-7706", "correct": true, "source": "model"}
{"id": "test-782", "correct": true, "source": "command"}
{"id": "test-8052", "correct": true, "source": "model"}
{"id": "test-8243", "correct": true, "source": "model"}
{"id": "test-8269", "correct": true, "source": "command"}
{"id": "test-8399", "correct": true, "source": "command"}
{"id": "test-850", "correct": true, "source": "model"}
{"id": "test-8540", "correct": true, "source": "model"}
{"id": "test-8760", "correct": true, "source": "model"}
{"id": "test-8766", "correct": true, "source": "command"}
{"id": "test-8776", "correct": true, "source": "model"}
{"id": "test-8864", "correct": true, "source": "command"}
{"id": "test-8943", "correct": true, "source": "model"}
{"id": "test-8967", "correct": true, "source": "command"}
{"id": "test-9169", "correct": true, "source": "command"}
{"id": "test-9179", "correct": true, "source": "model"}
{"id": "test-9260", "correct": true, "source": "model"}
{"id": "test-9365", "correct": true, "source": "command"}
{"id": "test-9380", "correct": true, "source": "command"}
{"id": "test-9480", "correct": true, "source": "model"}
{"id": "test-9529", "correct": true, "source": "model"}
{"id": "test-9720", "correct": true, "source": "model"}
{"id": "test-9744", "correct": true, "source": "model"}
{"id": "test-9779", "correct": true, "source": "command"}
{"id": "test-9819", "correct": true, "source": "model"}
{"id": "test-9909", "correct": true, "source": "command"}
{"id": "test-9956", "correct": true, "source": "model"}
{"id": "test-1014", "correct": false, "source": "model"}
{"id": "test-115", "correct": true, "source": "model"}
{"id": "test-128", "correct": false, "source": "model"}
{"id": "test-1297", "correct": true, "source": "model"}
{"id": "test-1555", "correct": true, "source": "model"}
{"id": "test-1798", "correct": false, "source": "model"}
{"id": "test-1821", "correct": true, "source": "model"}
{"id": "test-1830", "correct": true, "source": "model"}
{"id": "test-1883", "correct": false, "source": "model"}
{"id": "test-1892", "correct": true, "source": "model"}
{"id": "test-1922", "correct": true, "source": "model"}
{"id": "test-1925", "correct": false, "source": "model"}
{"id": "test-1942", "correct": true, "source": "model"}
{"id": "test-2007", "correct": false, "source": "model"}
{"id": "test-2014", "correct": false, "source": "model"}
{"id": "test-2060", "correct": false, "source": "model"}
{"id": "test-2170", "correct": true, "source": "model"}
{"id": "test-2254", "correct": false, "source": "model"}
{"id": "test-2395", "correct": false, "source": "model"}
{"id": "test-24", "correct": true, "source": "model"}
{"id": "test-2572", "correct": true, "source": "model"}
{"id": "test-2598", "correct": false, "source": "model"}
{"id": "test-2673", "correct": true, "source": "model"}
{"id": "test-3112", "correct": true, "source": "model"}
{"id": "test-3120", "correct": true, "source": "model"}
{"id": "test-3216", "correct": false, "source": "model"}
{"id": "test-3244", "correct": false, "source": "model"}
{"id": "test-3297", "correct": false, "source": "model"}
{"id": "test-3342", "correct": true, "source": "model"}
{"id": "test-3348", "correct": false, "source": "model"}
{"id": "test-3657", "correct": true, "source": "model"}
{"id": "test-3680", "correct": false, "source": "model"}
{"id": "test-3746", "correct": true, "source": "model"}
{"id": "test-3754", "correct": false, "source": "model"}
{"id": "test-3771", "correct": false, "source": "model"}
{"id": "test-3928", "correct": false, "source": "model"}
{"id": "test-4084", "correct": true, "source": "model"}
{"id": "test-4094", "correct": true, "source": "model"}
{"id": "test-4136", "correct": true, "source": "model"}
{"id": "test-4201", "correct": true, "source": "model"}
{"id": "test-4314", "correct": false, "source": "model"}
{"id": "test-4327", "correct": false, "source": "command"}
{"id": "test-4408", "correct": false, "source": "command"}
{"id": "test-5236", "correct": false, "source": "model"}
{"id": "test-5253", "correct": false, "source": "model"}
{"id": "test-5326", "correct": false, "source": "model"}
{"id": "test-5375", "correct": true, "source": "model"}
{"id": "test-5440", "correct": true, "source": "model"}
{"id": "test-5578", "correct": false, "source": "command"}
{"id": "test-5582", "correct": true, "source": "model"}
{"id": "test-5786", "correct": true, "source": "model"}
{"id": "test-596", "correct": true, "source": "model"}
{"id": "test-6015", "correct": true, "source": "model"}
{"id": "test-6016", "correct": true, "source": "model"}
{"id": "test-6118", "correct": false, "source": "model"}
{"id": "test-6126", "correct": true, "source": "model"}
{"id": "test-6309", "correct": false, "source": "model"}
{"id": "test-6379", "correct": false, "source": "model"}
{"id": "test-6392", "correct": false, "source": "model"}
{"id": "test-660", "correct": true, "source": "model"}
{"id": "test-6696", "correct": true, "source": "model"}
{"id": "test-680", "correct": false, "source": "model"}
{"id": "test-6862", "correct": false, "source": "model"}
{"id": "test-6870", "correct": true, "source": "model"}
{"id": "test-690", "correct": true, "source": "model"}
{"id": "test-697", "correct": true, "source": "model"}
{"id": "test-6981", "correct": false, "source": "command"}
{"id": "test-7043", "correct": true, "source": "model"}
{"id": "test-7173", "correct": false, "source": "model"}
{"id": "test-7281", "correct": false, "source": "command"}
{"id": "test-7297", "correct": false, "source": "model"}
{"id": "test-730", "correct": true, "source": "model"}
{"id": "test-7423", "correct": true, "source": "model"}
{"id": "test-7491", "correct": false, "source": "model"}
{"id": "test-7671", "correct": false, "source": "model"}
{"id": "test-7815", "correct": false, "source": "model"}
{"id": "test-7832", "correct": true, "source": "model"}
{"id": "test-7872", "correct": true, "source": "model"}
{"id": "test-7914", "correct": false, "source": "model"}
{"id": "test-8121", "correct": false, "source": "model"}
{"id": "test-8125", "correct": false, "source": "model"}
{"id": "test-8169", "correct": true, "source": "model"}
{"id": "test-8253", "correct": true, "source": "model"}
{"id": "test-8353", "correct": true, "source": "model"}
{"id": "test-8588", "correct": false, "source": "model"}
{"id": "test-8690", "correct": true, "source": "model"}
{"id": "test-8694", "correct": false, "source": "model"}
{"id": "test-8795", "correct": true, "source": "model"}
{"id": "test-8809", "correct": false, "source": "model"}
{"id": "test-8818", "correct": false, "source": "model"}
{"id": "test-8889", "correct": true, "source": "model"}
{"id": "test-8946", "correct": true, "source": "model"}
{"id": "test-8980", "correct": true, "source": "model"}
{"id": "test-9197", "correct": true, "source": "model"}
{"id": "test-9526", "correct": false, "source": "model"}
{"id": "test-9689", "correct": false, "source": "model"}
{"id": "test-9698", "correct": false, "source": "model"}
{"id": "test-9770", "correct": true, "source": "model"}
{"id": "test-9818", "correct": true, "source": "model"}
{"id": "test-9840", "correct": true, "source": "model"}
{"accuracy": 0.929, "cases": 1000, "command_calls": 411, "correct": 929, "estimated_model_cost_usd": 0.0, "input_tokens": 217211, "latency_seconds": {"mean": 0.7661785516909003, "total": 766.1785516909003}, "macro_f1": 0.9241229231100496, "max_rss_bytes": 42434560, "model_calls": 589, "output_tokens": 8365, "total_tokens": 225576, "wall_seconds": 383.9590671249898}
